#status
  %s == :reserved

#available?
  %s == false

#registered?
  %s == true


#created_on
  %s %CLASS{time}
  %s %TIME{2015-05-07 23:40:09 UTC}

#updated_on
  %s %ERROR{AttributeNotSupported}

#expires_on
  %s %CLASS{time}
  %s %TIME{2026-05-06 23:59:09 UTC}

#nameservers
  %s %CLASS{array}
  %s == []
